
> pricing-plans@0.1.0 build
> next build

Ôû▓ Next.js 16.1.6 (Turbopack)

  Creating an optimized production build ...
node.exe : 
Au caractère Ligne:1 : 
1
+ & "C:\Program 
Files\nodejs/node.exe" 
"C:\Users\denis\AppData
\Roaming\ ...
+ ~~~~~~~~~~~~~~~~~~~~~
~~~~~~~~~~~~~~~~~~~~~~~
~~~~~~~~~~~~~~~~~~~~~~~
~~
    + CategoryInfo     
         : NotSpecifi  
  ed: (:String) [],    
 RemoteException
    + FullyQualifiedEr 
   rorId : NativeComm  
  andError
 
> Build error occurred
Error: Turbopack build 
failed with 2 errors:
./src/app/admin-setting
s/page.tsx:27:92
Parsing ecmascript 
source code failed
[0m [90m 25 |[39m [
33m<[39m[33m/[39m[3
3ma[39m[33m>[39m
 [90m 26 |[39m 
[33m<[39m[33ma[39m 
className[33m=[39m[3
2m"flex items-center 
gap-3 px-3 py-2.5 
rounded-lg 
bg-primary/10 
text-primary transition
-colors"[39m href[33m
=[39m[32m"#"[39m[33
m>[39m
[31m[1m>[22m[39m[9
0m 27 |[39m [33m<[39
m[33mspan[39m classNa
me[33m=[39m[32m"mate
rial-symbols-outlined 
text-primary"[39m 
style[33m=[39m{{ font
VariationSettings[33m:
[39m [32m''[39m[33m
FILL[39m[32m' 
1'[39m }}[33m>[39mgl
obe[33m<[39m[33m/[3
9m[33mspan[39m[33m>
[39m
 [90m    |[39m       
                       
                       
                       
                [31m[
1m^[22m[39m[31m[1m^
[22m[39m[31m[1m^[2
2m[39m[31m[1m^[22m
[39m
 [90m 28 |[39m [33m<
[39m[33mspan[39m cla
ssName[33m=[39m[32m"
text-sm font-medium"[3
9m[33m>[39m[33mGloba
l[39m [33mSettings[3
9m[33m<[39m[33m/[39
m[33mspan[39m[33m>[
39m
 [90m 29 |[39m [33m<
[39m[33m/[39m[33ma
[39m[33m>[39m
 [90m 30 |[39m 
[33m<[39m[33ma[39m 
className[33m=[39m[3
2m"flex items-center 
gap-3 px-3 py-2.5 
rounded-lg 
text-slate-600 
hover:bg-slate-50 
hover:text-slate-900 
transition-colors 
group"[39m href[33m=
[39m[32m"#"[39m[33m>
[39m[0m

Expected '</', got 
'ident'


./src/app/blog-news/pag
e.tsx:37:214
Parsing ecmascript 
source code failed
[0m [90m 35 |[39m [
33m<[39m[33mdiv[39m 
className[33m=[39m[3
2m"grid lg:grid-cols-2 
gap-0"[39m[33m>[39m
 [90m 36 |[39m [33m<
[39m[33mdiv[39m clas
sName[33m=[39m[32m"r
elative h-64 lg:h-auto 
overflow-hidden 
group"[39m[33m>[39m
[31m[1m>[22m[39m[9
0m 37 |[39m [33m<[39
m[33mdiv[39m classNam
e[33m=[39m[32m"absol
ute inset-0 bg-cover 
bg-center 
transition-transform 
duration-700 group-hove
r:scale-105"[39m data
[33m-[39malt[33m=[39
m[32m"Abstract 
digital interface 
design with glowing 
blue elements"[39m 
style[33m=[39m{{ back
groundImage[33m:[39m 
[32m'url('[39mhttps[
32m' }}></div>[39m
 [90m    |[39m       
                       
                       
                       
                       
                       
                       
                       
                       
                       
[31m[1m^[22m[39m[3
1m[1m^[22m[39m[31m
[1m^[22m[39m[31m[1m
^[22m[39m[31m[1m^[
22m[39m
 [90m 38 |[39m [33m<
[39m[33mdiv[39m clas
sName[33m=[39m[32m"a
bsolute inset-0 
bg-gradient-to-t 
from-black/20 
to-transparent lg:hidde
n"[39m[33m>[39m[33m
<[39m[33m/[39m[33md
iv[39m[33m>[39m
 [90m 39 |[39m [33m<
[39m[33m/[39m[33mdi
v[39m[33m>[39m
 [90m 40 |[39m [33m<
[39m[33mdiv[39m clas
sName[33m=[39m[32m"f
lex flex-col 
justify-center p-8 
lg:p-12 xl:p-16"[39m[
33m>[39m[0m

Expected '</', got 
'ident'


    at <unknown> (./src
/app/admin-settings/pag
e.tsx:27:92)
    at <unknown> (./src
/app/blog-news/page.tsx
:37:214)
