
> pricing-plans@0.1.0 build
> next build

Ôû▓ Next.js 16.1.6 (Turbopack)
- Environments: .env

node.exe : ÔÜá The "middleware" file convention is 
deprecated. Please use "proxy" instead. Learn more: 
https://nextjs.org/docs/messages/middleware-to-proxy
Au caractère Ligne:1 : 1
+ & "C:\Program Files\nodejs/node.exe" 
"C:\Users\denis\AppData\Roaming\ ...
+ ~~~~~~~~~~~~~~~~~~~~~~~~~~~~~~~~~~~~~~~~~~~~~~~~~~~
~~~~~~~~~~~~~~~~~~
    + CategoryInfo          : NotSpecified: (ÔÜá The 
    "middle...leware-to-proxy:String) [], RemoteExc  
  eption
    + FullyQualifiedErrorId : NativeCommandError
 
  Creating an optimized production build ...
Ô£ô Compiled successfully in 6.7s
  Running TypeScript ...
  Collecting page data using 7 workers ...
  Generating static pages using 7 workers (0/23) ...
  Generating static pages using 7 workers (5/23) 
  Generating static pages using 7 workers (11/23) 
  Generating static pages using 7 workers (17/23) 
Ô£ô Generating static pages using 7 workers (23/23) in 624.4ms
  Finalizing page optimization ...

Route (app)
Ôöî Ôùï /
Ôö£ Ôùï /_not-found
Ôö£ Ôùï /admin
Ôö£ Ôùï /admin/blog
Ôö£ Ôùï /admin/dashboard
Ôö£ Ôùï /admin/faq
Ôö£ Ôùï /admin/portfolio
Ôö£ Ôùï /admin/pricing
Ôö£ Ôùï /admin/services
Ôö£ Ôùï /admin/settings
Ôö£ ãÆ /api/contact
Ôö£ Ôùï /blog
Ôö£ ãÆ /blog/[id]
Ôö£ Ôùï /contact-us
Ôö£ Ôùï /faq
Ôö£ Ôùï /legal-mentions
Ôö£ Ôùï /our-services
Ôö£ Ôùï /portfolio
Ôö£ Ôùï /pricing-plans
Ôö£ Ôùï /templates/asso-sportive
Ôö£ Ôùï /templates/avocat
Ôöö Ôùï /templates/barbier


ãÆ Proxy (Middleware)

Ôùï  (Static)   prerendered as static content
ãÆ  (Dynamic)  server-rendered on demand

